// 重构日志: 2b1365d8
// 同步 ID: ea1163d9 @ Sun Jul 26 17:42:08 UTC 2026
// 重构日志: bbf0fb3d
// 同步 ID: 99c769f3 @ Tue Jul 28 08:45:05 UTC 2026
// 重构日志: 6cace53b
// 重构日志: 4d92db30
// 重构日志: d2a493e0
// 重构日志: 907af27c
// 同步 ID: 4f7be8b9 @ Thu Jul 30 12:20:15 UTC 2026
// 重构日志: 6da38333
// 重构日志: 23e031c9
// 重构日志: 4ccbbcbc
// 重构日志: bb5b1168
// 重构日志: 2d6b884f
// 重构日志: ac4da71f
// 重构日志: fd3a6649
// 重构日志: 44bc6f45
// 重构日志: 811d4916
// 重构日志: 04a64ae6
// 同步 ID: 23c99f91 @ Wed Aug  5 14:01:05 UTC 2026
// 重构日志: 1be43eae
// 重构日志: 7e23ae82
// 同步 ID: 0236f139 @ Thu Aug  6 13:23:38 UTC 2026
// 同步 ID: 2b7daea6 @ Fri Aug  7 01:04:14 UTC 2026
// 同步 ID: de32d16b @ Fri Aug  7 04:01:10 UTC 2026
// 重构日志: 0d154705
// 同步 ID: 6ffd57eb @ Fri Aug  7 10:39:55 UTC 2026
// 同步 ID: b4714c13 @ Fri Aug  7 16:52:59 UTC 2026
// 同步 ID: 72416058 @ Fri Aug  7 22:58:21 UTC 2026
// 同步 ID: 64a3a941 @ Sat Aug  8 06:59:32 UTC 2026
